{
  "success": true,
  "attempt_id": 3,
  "profile": {
    "userId": "test-gamification-user",
    "totalXp": 1000,
    "streakDays": 1,
    "rank": "Field Investigator",
    "lastMissionAt": "2026-03-24T23:04:02.905Z"
  },
  "lives": {
    "lives": 3,
    "lastUpdatedAt": 1774393442905,
    "nextLifeInMs": null
  },
  "new_badges": [],
  "rank_up": null
}

--- PROFILE ---
{
  "error": "Failed to fetch user profile"
}
